------------------------------------------------------------
Timing Analyzer Summary
------------------------------------------------------------

Type  : Slow 1200mV 85C Model Setup 'clk'
Slack : -4.358
TNS   : -72.370

Type  : Slow 1200mV 85C Model Setup 'freq_divider:inst1|clk_out'
Slack : 0.027
TNS   : 0.000

Type  : Slow 1200mV 85C Model Hold 'freq_divider:inst1|clk_out'
Slack : 0.485
TNS   : 0.000

Type  : Slow 1200mV 85C Model Hold 'clk'
Slack : 0.760
TNS   : 0.000

Type  : Slow 1200mV 85C Model Minimum Pulse Width 'clk'
Slack : -3.000
TNS   : -52.071

Type  : Slow 1200mV 85C Model Minimum Pulse Width 'freq_divider:inst1|clk_out'
Slack : -1.487
TNS   : -2.974

Type  : Slow 1200mV 0C Model Setup 'clk'
Slack : -4.042
TNS   : -61.383

Type  : Slow 1200mV 0C Model Setup 'freq_divider:inst1|clk_out'
Slack : 0.116
TNS   : 0.000

Type  : Slow 1200mV 0C Model Hold 'freq_divider:inst1|clk_out'
Slack : 0.449
TNS   : 0.000

Type  : Slow 1200mV 0C Model Hold 'clk'
Slack : 0.704
TNS   : 0.000

Type  : Slow 1200mV 0C Model Minimum Pulse Width 'clk'
Slack : -3.000
TNS   : -52.071

Type  : Slow 1200mV 0C Model Minimum Pulse Width 'freq_divider:inst1|clk_out'
Slack : -1.487
TNS   : -2.974

Type  : Fast 1200mV 0C Model Setup 'clk'
Slack : -1.317
TNS   : -13.834

Type  : Fast 1200mV 0C Model Setup 'freq_divider:inst1|clk_out'
Slack : 0.583
TNS   : 0.000

Type  : Fast 1200mV 0C Model Hold 'freq_divider:inst1|clk_out'
Slack : 0.198
TNS   : 0.000

Type  : Fast 1200mV 0C Model Hold 'clk'
Slack : 0.302
TNS   : 0.000

Type  : Fast 1200mV 0C Model Minimum Pulse Width 'clk'
Slack : -3.000
TNS   : -38.112

Type  : Fast 1200mV 0C Model Minimum Pulse Width 'freq_divider:inst1|clk_out'
Slack : -1.000
TNS   : -2.000

------------------------------------------------------------
