------------------------------------------------------------
Timing Analyzer Summary
------------------------------------------------------------

Type  : Slow 1200mV 85C Model Setup 'clk'
Slack : -4.305
TNS   : -118.321

Type  : Slow 1200mV 85C Model Setup 'led_blink:clock_1khz|state'
Slack : -0.171
TNS   : -0.249

Type  : Slow 1200mV 85C Model Hold 'led_blink:clock_1khz|state'
Slack : 0.482
TNS   : 0.000

Type  : Slow 1200mV 85C Model Hold 'clk'
Slack : 0.736
TNS   : 0.000

Type  : Slow 1200mV 85C Model Minimum Pulse Width 'clk'
Slack : -3.000
TNS   : -52.071

Type  : Slow 1200mV 85C Model Minimum Pulse Width 'led_blink:clock_1khz|state'
Slack : -1.487
TNS   : -14.870

Type  : Slow 1200mV 0C Model Setup 'clk'
Slack : -4.002
TNS   : -108.994

Type  : Slow 1200mV 0C Model Setup 'led_blink:clock_1khz|state'
Slack : -0.073
TNS   : -0.073

Type  : Slow 1200mV 0C Model Hold 'led_blink:clock_1khz|state'
Slack : 0.446
TNS   : 0.000

Type  : Slow 1200mV 0C Model Hold 'clk'
Slack : 0.685
TNS   : 0.000

Type  : Slow 1200mV 0C Model Minimum Pulse Width 'clk'
Slack : -3.000
TNS   : -52.071

Type  : Slow 1200mV 0C Model Minimum Pulse Width 'led_blink:clock_1khz|state'
Slack : -1.487
TNS   : -14.870

Type  : Fast 1200mV 0C Model Setup 'clk'
Slack : -1.297
TNS   : -29.169

Type  : Fast 1200mV 0C Model Setup 'led_blink:clock_1khz|state'
Slack : 0.512
TNS   : 0.000

Type  : Fast 1200mV 0C Model Hold 'led_blink:clock_1khz|state'
Slack : 0.196
TNS   : 0.000

Type  : Fast 1200mV 0C Model Hold 'clk'
Slack : 0.271
TNS   : 0.000

Type  : Fast 1200mV 0C Model Minimum Pulse Width 'clk'
Slack : -3.000
TNS   : -38.145

Type  : Fast 1200mV 0C Model Minimum Pulse Width 'led_blink:clock_1khz|state'
Slack : -1.000
TNS   : -10.000

------------------------------------------------------------
